EN mux2 NULL C:/Users/omar/Desktop/Project/Milestone2/MUX2.vhd sub00/vhpl00 1399241534
EN mux4 NULL C:/Users/omar/Desktop/Project/Milestone2/MUX4.vhd sub00/vhpl02 1399241536
EN decoder32 NULL C:/Users/omar/Desktop/Project/Milestone2/Decoder.vhd sub00/vhpl09 1399241540
AR mux4 behavioral C:/Users/omar/Desktop/Project/Milestone2/MUX4.vhd sub00/vhpl03 1399241537
AR instrmemory behavioral C:/Users/omar/Desktop/Project/Milestone2/InstMem.V3.vhd sub00/vhpl22 1399241553
AR mux2 behavioral C:/Users/omar/Desktop/Project/Milestone2/MUX2.vhd sub00/vhpl01 1399241535
EN alu1bit NULL C:/Users/omar/Desktop/Project/Milestone2/ALU1bit.vhd sub00/vhpl05 1399241538
EN alu32bit NULL C:/Users/omar/Desktop/Project/Milestone2/ALU32bit.vhd sub00/vhpl07 1399241558
EN reg32_0 NULL C:/Users/omar/Desktop/Project/Milestone2/Reg32_0.vhd sub00/vhpl13 1399241544
EN reg32_1 NULL C:/Users/omar/Desktop/Project/Milestone2/Reg32_1.vhd sub00/vhpl15 1399241546
AR reg32_1 behavioral C:/Users/omar/Desktop/Project/Milestone2/Reg32_1.vhd sub00/vhpl16 1399241547
EN instrmemory NULL C:/Users/omar/Desktop/Project/Milestone2/InstMem.V3.vhd sub00/vhpl21 1399241552
AR reg6 behavioral C:/Users/omar/Desktop/Project/Milestone2/Reg6.vhd sub00/vhpl20 1399241551
AR alu1bit behavioral C:/Users/omar/Desktop/Project/Milestone2/ALU1bit.vhd sub00/vhpl06 1399241539
PH mypackage NULL C:/Users/omar/Desktop/Project/Milestone2/MyPackage.vhd sub00/vhpl04 1399241533
EN genericreg NULL C:/Users/omar/Desktop/Project/Milestone2/GenericReg.vhd sub00/vhpl17 1399241548
AR mainmodule behavioral C:/Users/omar/Desktop/Project/Milestone2/MainModule.vhd sub00/vhpl28 1399241561
AR decoder32 behavioral C:/Users/omar/Desktop/Project/Milestone2/Decoder.vhd sub00/vhpl10 1399241541
AR genericreg behavioral C:/Users/omar/Desktop/Project/Milestone2/GenericReg.vhd sub00/vhpl18 1399241549
AR registerfile behavioral C:/Users/omar/Desktop/Project/Milestone2/RegisterFile.vhd sub00/vhpl26 1399241557
AR mux32 behavioral C:/Users/omar/Desktop/Project/Milestone2/MUX32.vhd sub00/vhpl12 1399241543
EN reg6 NULL C:/Users/omar/Desktop/Project/Milestone2/Reg6.vhd sub00/vhpl19 1399241550
EN mux32 NULL C:/Users/omar/Desktop/Project/Milestone2/MUX32.vhd sub00/vhpl11 1399241542
EN clkinst NULL C:/Users/omar/Desktop/Project/Milestone2/ClkInst.vhd sub00/vhpl23 1399241554
AR alu32bit behavioral C:/Users/omar/Desktop/Project/Milestone2/ALU32bit.vhd sub00/vhpl08 1399241559
AR reg32_0 behavioral C:/Users/omar/Desktop/Project/Milestone2/Reg32_0.vhd sub00/vhpl14 1399241545
EN registerfile NULL C:/Users/omar/Desktop/Project/Milestone2/RegisterFile.vhd sub00/vhpl25 1399241556
AR clkinst behavioral C:/Users/omar/Desktop/Project/Milestone2/ClkInst.vhd sub00/vhpl24 1399241555
EN mainmodule NULL C:/Users/omar/Desktop/Project/Milestone2/MainModule.vhd sub00/vhpl27 1399241560
